=== REQUEST ===
POST /api/mpesa/callback
CorrelationId: 379cb7bed9ef43c5ba86432deae1f9b8
Headers:
  Accept: */*
  Connection: keep-alive
  Host: localhost:5089
  User-Agent: PostmanRuntime/7.54.0
  Accept-Encoding: gzip, deflate, br
  Content-Type: application/json
  Content-Length: 465
  Postman-Token: af93e0bf-a4e6-49f9-82d4-47059bf34609
(Authorization header omitted)

Body:
{
  "Body": {
    "stkCallback": {
      "MerchantRequestID": "9b6f-4ec3-9ce8-d381c0aa1725704080",
      "CheckoutRequestID": "ws_CO_27052026231816444768220092",
      "ResultCode": 0,
      "ResultDesc": "Success",
      "CallbackMetadata": {
        "Item": [
          { "Name": "Amount", "Value": 700 },
          { "Name": "MpesaReceiptNumber", "Value": "KJK2BLGT90" },
          { "Name": "PhoneNumber", "Value": "254768220092" }
        ]
      }
    }
  }
}

=== DATABASE COMMANDS ===
SELECT p."Id", p."Amount", p."BookingId", p."CreatedAt", p."MpesaCheckoutRequestId", p."MpesaMerchantRequestId", p."MpesaReceipt", p."PayerPhoneNumber", p."PaymentReference", p."Status", b."Id", b."AddOns", b."AppliedPromotions", b."BookingReference", b."BundleDiscountPercent", b."CanvasLines", b."CreatedAt", b."CustomerId", b."DiscountAmountKes", b."NubuckLines", b."PickupAddress", b."PickupLatitude", b."PickupLocationUrl", b."PickupLongitude", b."PriceKes", b."PromotionalDiscountKes", b."ShoesSubtotalGrossKes", b."SneakersLines", b."Status", b."SubtotalBeforeDiscountKes", b."SuedeLines", b."TotalPairs"
FROM "Payments" AS p
INNER JOIN "Bookings" AS b ON p."BookingId" = b."Id"
WHERE p."MpesaCheckoutRequestId" = @__checkoutRequestId_0
LIMIT 1
  -- @__checkoutRequestId_0=ws_CO_27052026231816444768220092
---
UPDATE "Bookings" SET "Status" = @p0
WHERE "Id" = @p1;
UPDATE "Payments" SET "MpesaReceipt" = @p2, "Status" = @p3
WHERE "Id" = @p4;

  -- @p1=184a21f4-56b4-4184-8147-d17c9a0bbe3b, @p0=PaymentConfirmed, @p4=f3f47c13-dd6a-4472-84f8-ccfe5e5bcf3f, @p2=KJK2BLGT90, @p3=Success
---

=== RESPONSE ===
Status: 200
Body:
{"resultCode":0,"resultDesc":"Accepted"}
