=== REQUEST ===
POST /api/rider/orders/21381961-9ec7-45ff-887a-288a0e1ea182/verify-delivery-otp
CorrelationId: 423a5775793240ce86ffe92b1ae21112
Headers:
  Accept: application/json, text/plain, */*
  Connection: keep-alive
  Host: localhost:5089
  User-Agent: Mozilla/5.0 (Windows NT 10.0; Win64; x64) AppleWebKit/537.36 (KHTML, like Gecko) Chrome/146.0.0.0 Safari/537.36
  Accept-Encoding: gzip, deflate, br, zstd
  Accept-Language: en-US,en;q=0.9,zh-CN;q=0.8,zh;q=0.7
  Content-Type: application/json
  Origin: http://localhost:5175
  Referer: http://localhost:5175/
  Content-Length: 16
  sec-ch-ua-platform: "Windows"
  sec-ch-ua: "Chromium";v="146", "Not-A.Brand";v="24", "Google Chrome";v="146"
  sec-ch-ua-mobile: ?0
  X-Client-Source: rider-portal
  DNT: 1
  Sec-Fetch-Site: same-site
  Sec-Fetch-Mode: cors
  Sec-Fetch-Dest: empty
(Authorization header omitted)

Body:
{"otp":"397192"}

=== DATABASE COMMANDS ===
SELECT o."Id", o."AssignedAt", o."AssignmentReference", o."AssignmentType", o."CompletedAt", o."Notes", o."OrderId", o."RiderId", o."Status", o0."Id", o0."AgentId", o0."BookingId", o0."CleaningCompletedAt", o0."CleaningStartedAt", o0."CustomerId", o0."DeliveredAt", o0."DeliveryOtp", o0."DeliveryOtpExpiresAt", o0."DeliveryOtpVerifiedAt", o0."OrderReference", o0."PickedUpAt", o0."PickupOtp", o0."PickupOtpExpiresAt", o0."PickupOtpVerifiedAt", o0."Status", b."Id", b."AddOns", b."BookingReference", b."BundleDiscountPercent", b."CreatedAt", b."CustomerId", b."DiscountAmountKes", b."NubuckLines", b."OfficialLeatherLines", b."PickupAddress", b."PickupLatitude", b."PickupLocationUrl", b."PickupLongitude", b."PriceKes", b."SneakersLines", b."Status", b."SubtotalBeforeDiscountKes", b."SuedeLines", b."TotalPairs"
FROM "OrderRiderAssignments" AS o
INNER JOIN "Orders" AS o0 ON o."OrderId" = o0."Id"
INNER JOIN "Bookings" AS b ON o0."BookingId" = b."Id"
WHERE o."OrderId" = @__orderId_0 AND o."RiderId" = @__riderId_1 AND o."AssignmentType" = 'Delivery'
ORDER BY o."AssignedAt" DESC
LIMIT 1
  -- @__orderId_0=21381961-9ec7-45ff-887a-288a0e1ea182, @__riderId_1=9da150f3-8997-4d83-984f-8c917207220c
---
SELECT o."Id", o."Code", o."CreatedAt", o."ExpiresAt", o."OrderId", o."OtpKind"
FROM "OrderOtpCodes" AS o
WHERE o."OrderId" = @__orderId_0 AND o."OtpKind" = 'Delivery'
LIMIT 1
  -- @__orderId_0=21381961-9ec7-45ff-887a-288a0e1ea182
---
UPDATE "OrderRiderAssignments" SET "CompletedAt" = @p0, "Status" = @p1
WHERE "Id" = @p2;
UPDATE "Orders" SET "DeliveredAt" = @p3, "DeliveryOtpVerifiedAt" = @p4, "Status" = @p5
WHERE "Id" = @p6;

  -- @p2=454cf95c-ecba-4a69-8bca-c5c1fd67bee3, @p0=29/03/2026 10:19:19 +00:00, @p1=Completed, @p6=21381961-9ec7-45ff-887a-288a0e1ea182, @p3=29/03/2026 10:19:19 +00:00, @p4=29/03/2026 10:19:19 +00:00, @p5=Delivered
---
SELECT f."Id", f."AccessFailedCount", f."Address", f."ConcurrencyStamp", f."CreatedAt", f."CustomerReference", f."Email", f."EmailConfirmed", f."FullName", f."IsActive", f."LockoutEnabled", f."LockoutEnd", f."NormalizedEmail", f."NormalizedUserName", f."PasswordHash", f."PhoneNumber", f."PhoneNumberConfirmed", f."SecurityStamp", f."TwoFactorEnabled", f."UserName"
FROM "FreshwalkUsers" AS f
WHERE f."Id" = @__p_0
LIMIT 1
  -- @__p_0=9da150f3-8997-4d83-984f-8c917207220c
---

=== RESPONSE ===
Status: 200
Body:
{"id":"21381961-9ec7-45ff-887a-288a0e1ea182","status":"Delivered","message":"Delivery confirmed. Order completed."}
