=== REQUEST ===
POST /api/customer/orders/21381961-9ec7-45ff-887a-288a0e1ea182/verify-pickup-otp
CorrelationId: 608dd21082e14baf9e4acd4776edbe3a
Headers:
  Accept: application/json, text/plain, */*
  Connection: keep-alive
  Host: localhost:5089
  User-Agent: Mozilla/5.0 (Windows NT 10.0; Win64; x64) AppleWebKit/537.36 (KHTML, like Gecko) Chrome/146.0.0.0 Safari/537.36
  Accept-Encoding: gzip, deflate, br, zstd
  Accept-Language: en-US,en;q=0.9,zh-CN;q=0.8,zh;q=0.7
  Content-Type: application/json
  Origin: http://localhost:5173
  Referer: http://localhost:5173/
  Content-Length: 16
  sec-ch-ua-platform: "Windows"
  sec-ch-ua: "Chromium";v="146", "Not-A.Brand";v="24", "Google Chrome";v="146"
  sec-ch-ua-mobile: ?0
  X-Client-Source: customer-web
  DNT: 1
  Sec-Fetch-Site: same-site
  Sec-Fetch-Mode: cors
  Sec-Fetch-Dest: empty
(Authorization header omitted)

Body:
{"otp":"776841"}

=== DATABASE COMMANDS ===
SELECT o."Id", o."AgentId", o."BookingId", o."CleaningCompletedAt", o."CleaningStartedAt", o."CustomerId", o."DeliveredAt", o."DeliveryOtp", o."DeliveryOtpExpiresAt", o."DeliveryOtpVerifiedAt", o."OrderReference", o."PickedUpAt", o."PickupOtp", o."PickupOtpExpiresAt", o."PickupOtpVerifiedAt", o."Status", b."Id", b."AddOns", b."BookingReference", b."BundleDiscountPercent", b."CreatedAt", b."CustomerId", b."DiscountAmountKes", b."NubuckLines", b."OfficialLeatherLines", b."PickupAddress", b."PickupLatitude", b."PickupLocationUrl", b."PickupLongitude", b."PriceKes", b."SneakersLines", b."Status", b."SubtotalBeforeDiscountKes", b."SuedeLines", b."TotalPairs", p."Id", p."Amount", p."BookingId", p."CreatedAt", p."MpesaCheckoutRequestId", p."MpesaMerchantRequestId", p."MpesaReceipt", p."PayerPhoneNumber", p."PaymentReference", p."Status"
FROM "Orders" AS o
INNER JOIN "Bookings" AS b ON o."BookingId" = b."Id"
LEFT JOIN "Payments" AS p ON b."Id" = p."BookingId"
WHERE o."Id" = @__orderId_0
LIMIT 1
  -- @__orderId_0=21381961-9ec7-45ff-887a-288a0e1ea182
---
SELECT o."Id", o."Code", o."CreatedAt", o."ExpiresAt", o."OrderId", o."OtpKind"
FROM "OrderOtpCodes" AS o
WHERE o."OrderId" = @__orderId_0 AND o."OtpKind" = 'Pickup'
LIMIT 1
  -- @__orderId_0=21381961-9ec7-45ff-887a-288a0e1ea182
---
SELECT o."Id", o."AgentId", o."BookingId", o."CleaningCompletedAt", o."CleaningStartedAt", o."CustomerId", o."DeliveredAt", o."DeliveryOtp", o."DeliveryOtpExpiresAt", o."DeliveryOtpVerifiedAt", o."OrderReference", o."PickedUpAt", o."PickupOtp", o."PickupOtpExpiresAt", o."PickupOtpVerifiedAt", o."Status"
FROM "Orders" AS o
WHERE o."Id" = @__orderId_0
LIMIT 1
  -- @__orderId_0=21381961-9ec7-45ff-887a-288a0e1ea182
---
UPDATE "Orders" SET "PickedUpAt" = @p0, "PickupOtpVerifiedAt" = @p1, "Status" = @p2
WHERE "Id" = @p3;

  -- @p3=21381961-9ec7-45ff-887a-288a0e1ea182, @p0=29/03/2026 10:17:07 +00:00, @p1=29/03/2026 10:17:07 +00:00, @p2=InTransitToShop
---
SELECT f."Id", f."AccessFailedCount", f."Address", f."ConcurrencyStamp", f."CreatedAt", f."CustomerReference", f."Email", f."EmailConfirmed", f."FullName", f."IsActive", f."LockoutEnabled", f."LockoutEnd", f."NormalizedEmail", f."NormalizedUserName", f."PasswordHash", f."PhoneNumber", f."PhoneNumberConfirmed", f."SecurityStamp", f."TwoFactorEnabled", f."UserName"
FROM "FreshwalkUsers" AS f
WHERE f."Id" = @__p_0
LIMIT 1
  -- @__p_0=35040583-dcf4-4af7-abe2-6c7777644a6e
---

=== RESPONSE ===
Status: 200
Body:
{"id":"21381961-9ec7-45ff-887a-288a0e1ea182","status":"InTransitToShop","message":"Pickup confirmed. Rider is bringing your shoes to the shop."}
