=== REQUEST ===
POST /api/bookings
CorrelationId: 70ef2bce648a4144ae21e20067514fff
Headers:
  Accept: application/json, text/plain, */*
  Connection: keep-alive
  Host: localhost:5089
  User-Agent: Mozilla/5.0 (Windows NT 10.0; Win64; x64) AppleWebKit/537.36 (KHTML, like Gecko) Chrome/146.0.0.0 Safari/537.36
  Accept-Encoding: gzip, deflate, br, zstd
  Accept-Language: en-US,en;q=0.9,zh-CN;q=0.8,zh;q=0.7
  Content-Type: application/json
  Origin: http://localhost:5173
  Referer: http://localhost:5173/
  Content-Length: 249
  sec-ch-ua-platform: "Windows"
  sec-ch-ua: "Chromium";v="146", "Not-A.Brand";v="24", "Google Chrome";v="146"
  sec-ch-ua-mobile: ?0
  X-Client-Source: customer-web
  DNT: 1
  Sec-Fetch-Site: same-site
  Sec-Fetch-Mode: cors
  Sec-Fetch-Dest: empty
(Authorization header omitted)

Body:
{"items":[{"shoeType":"Sneakers","colorTier":"WhiteLight","pairCount":2},{"shoeType":"Canvas","colorTier":"MixedColored","pairCount":1}],"addOns":[],"pickupAddress":"QWHF+MC7, Nairobi, Kenya","pickupLatitude":-1.2208284,"pickupLongitude":36.9235501}

=== DATABASE COMMANDS ===
SELECT s."Id", s."DisplayName", s."ImageAfterUrl", s."ImageBeforeUrl", s."Key", s."SortOrder", s."Tagline", s."ThemeColorHex", s0."Id", s0."CategoryId", s0."ColorTierKey", s0."PriceKes", s0."SortOrder", s1."Id", s1."CategoryId", s1."DiscountKind", s1."FixedOffPerPairKes", s1."IsActive", s1."Label", s1."PercentOff", s1."Priority", s1."ValidFrom", s1."ValidTo"
FROM "ShoeServiceCategories" AS s
LEFT JOIN "ShoeServiceTierPrices" AS s0 ON s."Id" = s0."CategoryId"
LEFT JOIN "ShoeServicePromotions" AS s1 ON s."Id" = s1."CategoryId"
ORDER BY s."Id", s0."Id"
---
SELECT EXISTS (
    SELECT 1
    FROM "Bookings" AS b
    WHERE b."BookingReference" = @__code_0)
  -- @__code_0=FW-20260403173829643-9851
---
SELECT EXISTS (
    SELECT 1
    FROM "Payments" AS p
    WHERE p."PaymentReference" = @__code_0)
  -- @__code_0=PM-20260403173829944-3233
---
INSERT INTO "Bookings" ("Id", "AddOns", "AppliedPromotions", "BookingReference", "BundleDiscountPercent", "CanvasLines", "CreatedAt", "CustomerId", "DiscountAmountKes", "NubuckLines", "PickupAddress", "PickupLatitude", "PickupLocationUrl", "PickupLongitude", "PriceKes", "PromotionalDiscountKes", "ShoesSubtotalGrossKes", "SneakersLines", "Status", "SubtotalBeforeDiscountKes", "SuedeLines", "TotalPairs")
VALUES (@p0, @p1, @p2, @p3, @p4, @p5, @p6, @p7, @p8, @p9, @p10, @p11, @p12, @p13, @p14, @p15, @p16, @p17, @p18, @p19, @p20, @p21);
INSERT INTO "Payments" ("Id", "Amount", "BookingId", "CreatedAt", "MpesaCheckoutRequestId", "MpesaMerchantRequestId", "MpesaReceipt", "PayerPhoneNumber", "PaymentReference", "Status")
VALUES (@p22, @p23, @p24, @p25, @p26, @p27, @p28, @p29, @p30, @p31);

  -- @p0=8f842593-b95a-40a2-863a-7f6d6ea317f1, @p1=[], @p2=[{"categoryKey":"Sneakers","label":"Easter","amountSavedKes":110.00}], @p3=FW-20260403173829643-9851, @p4=0.15, @p5=[{"color":"MixedColored","quantity":1}], @p6=03/04/2026 17:38:30 +00:00, @p7=35040583-dcf4-4af7-abe2-6c7777644a6e, @p8=208.50, @p9=[], @p10=QWHF+MC7, Nairobi, Kenya, @p11=-1.2208284, @p12=https://www.google.com/maps?q=-1.2208284,36.9235501, @p13=36.9235501, @p14=1181.50, @p15=110.00, @p16=1500.00, @p17=[{"color":"WhiteLight","quantity":2}], @p18=PendingPayment, @p19=1390.00, @p20=[], @p21=3, @p22=1d027fdb-c47d-464e-bdfb-7ba6148106e2, @p23=1181.50, @p24=8f842593-b95a-40a2-863a-7f6d6ea317f1, @p25=03/04/2026 17:38:30 +00:00, @p26=, @p27=, @p28=, @p29=, @p30=PM-20260403173829944-3233, @p31=Pending
---
SELECT f."Id", f."AccessFailedCount", f."Address", f."ConcurrencyStamp", f."CreatedAt", f."CustomerReference", f."Email", f."EmailConfirmed", f."FullName", f."IsActive", f."LockoutEnabled", f."LockoutEnd", f."NormalizedEmail", f."NormalizedUserName", f."PasswordHash", f."PhoneNumber", f."PhoneNumberConfirmed", f."SecurityStamp", f."TwoFactorEnabled", f."UserName"
FROM "FreshwalkUsers" AS f
WHERE f."Id" = @__p_0
LIMIT 1
  -- @__p_0=35040583-dcf4-4af7-abe2-6c7777644a6e
---

=== RESPONSE ===
Status: 200
Body:
{"id":"8f842593-b95a-40a2-863a-7f6d6ea317f1","customerReference":"KE-00000006","bookingReference":"FW-20260403173829643-9851","orderReference":null,"priceKes":1181.50,"shoesSubtotalGrossKes":1500.00,"promotionalDiscountKes":110.00,"appliedPromotions":[{"categoryKey":"Sneakers","label":"Easter","amountSavedKes":110.00}],"subtotalBeforeDiscountKes":1390.00,"bundleDiscountPercent":0.15,"discountAmountKes":208.50,"totalPairs":3,"status":"PendingPayment","createdAt":"2026-04-03T17:38:30.2433515+00:00","pickupAddress":"QWHF+MC7, Nairobi, Kenya","pickupLocationUrl":"https://www.google.com/maps?q=-1.2208284,36.9235501","addOns":[],"sneakersLines":[{"color":"WhiteLight","quantity":2}],"suedeLines":[],"nubuckLines":[],"canvasLines":[{"color":"MixedColored","quantity":1}]}
