=== REQUEST ===
POST /api/auth/google
CorrelationId: c639e25e08ff449b8a6d626683247c7a
Headers:
  Accept: application/json, text/plain, */*
  Connection: keep-alive
  Host: localhost:5089
  User-Agent: Mozilla/5.0 (Windows NT 10.0; Win64; x64) AppleWebKit/537.36 (KHTML, like Gecko) Chrome/148.0.0.0 Safari/537.36
  Accept-Encoding: gzip, deflate, br, zstd
  Accept-Language: en-US,en;q=0.9,zh-CN;q=0.8,zh;q=0.7
  Content-Type: application/json
  Origin: http://localhost:5173
  Referer: http://localhost:5173/
  Content-Length: 1238
  sec-ch-ua-platform: "Windows"
  sec-ch-ua: "Chromium";v="148", "Google Chrome";v="148", "Not/A)Brand";v="99"
  sec-ch-ua-mobile: ?0
  X-Client-Source: customer-web
  DNT: 1
  Sec-Fetch-Site: same-site
  Sec-Fetch-Mode: cors
  Sec-Fetch-Dest: empty
(Authorization header omitted)

Body:
{"idToken":"eyJhbGciOiJSUzI1NiIsImtpZCI6IjA2YzdjNDc2NzliODA4ZmNlZGY3MzkxZDdiMWUzNjU3YmNhMzBkYmIiLCJ0eXAiOiJKV1QifQ.eyJpc3MiOiJodHRwczovL2FjY291bnRzLmdvb2dsZS5jb20iLCJhenAiOiI5NzQ2NDY5MDYwNjQtb3RzaGg4ZGM2aThvaGhxZDZrbWU1cW1wOWdkMm9lZjYuYXBwcy5nb29nbGV1c2VyY29udGVudC5jb20iLCJhdWQiOiI5NzQ2NDY5MDYwNjQtb3RzaGg4ZGM2aThvaGhxZDZrbWU1cW1wOWdkMm9lZjYuYXBwcy5nb29nbGV1c2VyY29udGVudC5jb20iLCJzdWIiOiIxMDM5Mjk0MzczMjQ1MTAwNjEzMzMiLCJlbWFpbCI6ImtlbGx5cm9ubnk5ODVAZ21haWwuY29tIiwiZW1haWxfdmVyaWZpZWQiOnRydWUsIm5vbmNlIjoibm90X3Byb3ZpZGVkIiwibmJmIjoxNzgwMjI3MjE1LCJuYW1lIjoia2VsbHkgcm9ubnkiLCJwaWN0dXJlIjoiaHR0cHM6Ly9saDMuZ29vZ2xldXNlcmNvbnRlbnQuY29tL2EvQUNnOG9jSllCTHVscmFtYzZkZ2hKQng0bzBFUWh1ZzVwR29WNmtFT3V2TUlEeGMxU3NYWVFZanE9czk2LWMiLCJnaXZlbl9uYW1lIjoia2VsbHkiLCJmYW1pbHlfbmFtZSI6InJvbm55IiwiaWF0IjoxNzgwMjI3NTE1LCJleHAiOjE3ODAyMzExMTUsImp0aSI6IjIxZGJhYmY0NzU4OWI5MjQ2YWUyYjYwYWE2ZDAxYjY3NDlmNTIwNTcifQ.H3hfNzQj0Xrv1Tw1ayS3NNkKblMrpq-GP2Cm-SUAhFRtFq2hDoYxDH6E62aTtCLzRO_Xr-fz7wWIVxBYn18miIT_P0fUwuKyW3inaM0FH8W7gC_A69pUJoBja275UN7VHBJ7iWW9u8PMTbTm4_PFyLglJh3N5xtQHyOOizjzEuEqjsmc_wAJSVbf5dIT4HcoqBeP1UqJU0h5pmeCgS0XNCNV4Ps9f79AGRphyHV2y4ehxww9cknxYtcVdiFc4esy-mDn50_J3u77E8hEibHoc5VxlgvvTOh9gEalMHNtgujyLZRbcjKQf6s7xi8CPGoDOAk78yGlUrCZ5LM2q1t5pA"}

=== DATABASE COMMANDS ===
SELECT f."Id", f."AccessFailedCount", f."Address", f."ConcurrencyStamp", f."CreatedAt", f."CustomerReference", f."Email", f."EmailConfirmed", f."FullName", f."IsActive", f."LockoutEnabled", f."LockoutEnd", f."NormalizedEmail", f."NormalizedUserName", f."PasswordHash", f."PhoneNumber", f."PhoneNumberConfirmed", f."SecurityStamp", f."TwoFactorEnabled", f."UserName"
FROM "FreshwalkUsers" AS f
WHERE f."NormalizedEmail" = @__normalizedEmail_0
LIMIT 2
  -- @__normalizedEmail_0=KELLYRONNY985@GMAIL.COM
---
SELECT f0."Name"
FROM "FreshwalkUserRoles" AS f
INNER JOIN "FreshwalkRoles" AS f0 ON f."RoleId" = f0."Id"
WHERE f."UserId" = @__userId_0
  -- @__userId_0=35040583-dcf4-4af7-abe2-6c7777644a6e
---

=== RESPONSE ===
Status: 200
Body:
{"accessToken":"eyJhbGciOiJIUzI1NiIsInR5cCI6IkpXVCJ9.eyJzdWIiOiIzNTA0MDU4My1kY2Y0LTRhZjctYWJlMi02Yzc3Nzc2NDRhNmUiLCJodHRwOi8vc2NoZW1hcy54bWxzb2FwLm9yZy93cy8yMDA1LzA1L2lkZW50aXR5L2NsYWltcy9uYW1laWRlbnRpZmllciI6IjM1MDQwNTgzLWRjZjQtNGFmNy1hYmUyLTZjNzc3NzY0NGE2ZSIsImh0dHA6Ly9zY2hlbWFzLnhtbHNvYXAub3JnL3dzLzIwMDUvMDUvaWRlbnRpdHkvY2xhaW1zL25hbWUiOiJrZWxseSByb25ueSIsImVtYWlsIjoia2VsbHlyb25ueTk4NUBnbWFpbC5jb20iLCJmdWxsX25hbWUiOiJrZWxseSByb25ueSIsImN1c3RvbWVyX3JlZiI6IktFLTAwMDAwMDA2IiwiaHR0cDovL3NjaGVtYXMubWljcm9zb2Z0LmNvbS93cy8yMDA4LzA2L2lkZW50aXR5L2NsYWltcy9yb2xlIjoiQ3VzdG9tZXIiLCJleHAiOjE3ODAyMzExMTgsImlzcyI6IkZyZXNod2Fsay5BUEkiLCJhdWQiOiJGcmVzaHdhbGsuQ2xpZW50In0.RRewY8X_B40q_8KaR_El-Q1kXdp31hBmsiicTPQVzRU","expiresAt":"2026-05-31T12:38:38.9721328+00:00","email":"kellyronny985@gmail.com","fullName":"kelly ronny","customerReference":"KE-00000006","roles":["Customer"]}
