=== REQUEST ===
POST /api/catalog/preview-pricing
CorrelationId: c81facde21c947d08cef5cc82523bb6a
Headers:
  Accept: application/json, text/plain, */*
  Connection: keep-alive
  Host: localhost:5089
  User-Agent: Mozilla/5.0 (Windows NT 10.0; Win64; x64) AppleWebKit/537.36 (KHTML, like Gecko) Chrome/148.0.0.0 Safari/537.36
  Accept-Encoding: gzip, deflate, br, zstd
  Accept-Language: en-US,en;q=0.9
  Content-Type: application/json
  Origin: http://localhost:5173
  Referer: http://localhost:5173/
  Content-Length: 208
  sec-ch-ua-platform: "Windows"
  sec-ch-ua: "Chromium";v="148", "Google Chrome";v="148", "Not/A)Brand";v="99"
  sec-ch-ua-mobile: ?0
  X-Client-Source: customer-web
  Sec-Fetch-Site: same-site
  Sec-Fetch-Mode: cors
  Sec-Fetch-Dest: empty
(Authorization header omitted)

Body:
{"items":[{"shoeType":"Suede","colorTier":"Kids","pairCount":1},{"shoeType":"Sneakers","colorTier":"Adult","pairCount":2},{"shoeType":"Sneakers","colorTier":"Kids","pairCount":1}],"addOns":["ExpressService"]}

=== DATABASE COMMANDS ===
SELECT s."Id", s."DisplayName", s."ImageAfterUrl", s."ImageBeforeUrl", s."Key", s."SortOrder", s."Tagline", s."ThemeColorHex", s0."Id", s0."CategoryId", s0."ColorTierKey", s0."IsActive", s0."PriceKes", s0."SortOrder", s1."Id", s1."CategoryId", s1."DiscountKind", s1."FixedOffPerPairKes", s1."IsActive", s1."Label", s1."PercentOff", s1."Priority", s1."ValidFrom", s1."ValidTo"
FROM "ShoeServiceCategories" AS s
LEFT JOIN "ShoeServiceTierPrices" AS s0 ON s."Id" = s0."CategoryId"
LEFT JOIN "ShoeServicePromotions" AS s1 ON s."Id" = s1."CategoryId"
ORDER BY s."Id", s0."Id"
---

=== RESPONSE ===
Status: 200
Body:
{"lines":[{"category":"Suede","color":"Kids","quantity":1,"unitPrice":250.00},{"category":"Sneakers","color":"Adult","quantity":2,"unitPrice":300.00},{"category":"Sneakers","color":"Kids","quantity":1,"unitPrice":250.00}],"shoesSubtotalGrossKes":1100.00,"promotionalDiscountKes":0,"appliedPromotions":[],"subtotalBeforeDiscountKes":1700.00,"bundleDiscountPercent":0.15,"discountAmountKes":255,"finalPriceKes":1445.00}
