=== REQUEST ===
GET /api/gallery/hero
CorrelationId: 48a655f998e34dd6afcca683e03d5b44
Headers:
  Accept: application/json, text/plain, */*
  Connection: keep-alive
  Host: localhost:5089
  User-Agent: Mozilla/5.0 (Windows NT 10.0; Win64; x64) AppleWebKit/537.36 (KHTML, like Gecko) Chrome/148.0.0.0 Safari/537.36
  Accept-Encoding: gzip, deflate, br, zstd
  Accept-Language: en-US,en;q=0.9
  Origin: http://localhost:5173
  Referer: http://localhost:5173/
  X-Client-Source: customer-web
  sec-ch-ua-platform: "Windows"
  sec-ch-ua: "Chromium";v="148", "Google Chrome";v="148", "Not/A)Brand";v="99"
  sec-ch-ua-mobile: ?0
  Sec-Fetch-Site: same-site
  Sec-Fetch-Mode: cors
  Sec-Fetch-Dest: empty
(Authorization header omitted)

Body:


=== DATABASE COMMANDS ===
SELECT g."Id", g."AccentColor", g."AfterUrl", g."BeforeUrl", g."Category", g."CloudinaryPublicIdAfter", g."CloudinaryPublicIdBefore", g."CreatedAt", g."IsActive", g."IsHero", g."Label", g."MediaType", g."SortOrder", g."UpdatedAt"
FROM "GalleryMediaItems" AS g
WHERE g."IsActive" AND g."IsHero" AND g."MediaType" = 'Image'
ORDER BY g."SortOrder", g."CreatedAt" DESC
---

=== RESPONSE ===
Status: 200
Body:
[{"id":"ff474f07-b8a8-4edc-b85b-8e0c1d634009","label":"Brown white sneaker","category":"Sneakers","mediaType":"Image","beforeUrl":"https://res.cloudinary.com/dlvaqdgqe/image/upload/v1779626259/freshwalk/gallery/sneakers/dql89un3znb1odnnzzcu.jpg","afterUrl":"https://res.cloudinary.com/dlvaqdgqe/image/upload/v1779626261/freshwalk/gallery/sneakers/vzuk7xkfso8wgnuibdy2.jpg","isHero":true,"accentColor":"#E31E24","sortOrder":0,"createdAt":"2026-05-24T12:37:42.57764+00:00"}]
