=== REQUEST ===
GET /api/rider/orders/14b94dc8-2415-48f5-b787-dc381c72f634
CorrelationId: 70b20f09cbe1499594dfacd3628d2f8a
Headers:
  Accept: application/json, text/plain, */*
  Connection: keep-alive
  Host: localhost:5089
  User-Agent: Mozilla/5.0 (Windows NT 10.0; Win64; x64) AppleWebKit/537.36 (KHTML, like Gecko) Chrome/146.0.0.0 Safari/537.36
  Accept-Encoding: gzip, deflate, br, zstd
  Accept-Language: en-US,en;q=0.9,zh-CN;q=0.8,zh;q=0.7
  Origin: http://localhost:5175
  Referer: http://localhost:5175/
  sec-ch-ua-platform: "Windows"
  sec-ch-ua: "Chromium";v="146", "Not-A.Brand";v="24", "Google Chrome";v="146"
  sec-ch-ua-mobile: ?0
  X-Client-Source: rider-portal
  DNT: 1
  Sec-Fetch-Site: same-site
  Sec-Fetch-Mode: cors
  Sec-Fetch-Dest: empty
(Authorization header omitted)

Body:


=== DATABASE COMMANDS ===
SELECT o."Id", o."AssignedAt", o."AssignmentReference", o."AssignmentType", o."CompletedAt", o."Notes", o."OrderId", o."RiderId", o."Status", o0."Id", o0."AgentId", o0."BookingId", o0."CleaningCompletedAt", o0."CleaningStartedAt", o0."CustomerId", o0."DeliveredAt", o0."DeliveryOtp", o0."DeliveryOtpExpiresAt", o0."DeliveryOtpVerifiedAt", o0."OrderReference", o0."PickedUpAt", o0."PickupOtp", o0."PickupOtpExpiresAt", o0."PickupOtpVerifiedAt", o0."Status", b."Id", b."AddOns", b."BookingReference", b."BundleDiscountPercent", b."CanvasLines", b."CreatedAt", b."CustomerId", b."DiscountAmountKes", b."NubuckLines", b."PickupAddress", b."PickupLatitude", b."PickupLocationUrl", b."PickupLongitude", b."PriceKes", b."SneakersLines", b."Status", b."SubtotalBeforeDiscountKes", b."SuedeLines", b."TotalPairs", f."Id", f."AccessFailedCount", f."Address", f."ConcurrencyStamp", f."CreatedAt", f."CustomerReference", f."Email", f."EmailConfirmed", f."FullName", f."IsActive", f."LockoutEnabled", f."LockoutEnd", f."NormalizedEmail", f."NormalizedUserName", f."PasswordHash", f."PhoneNumber", f."PhoneNumberConfirmed", f."SecurityStamp", f."TwoFactorEnabled", f."UserName", p."Id", p."Amount", p."BookingId", p."CreatedAt", p."MpesaCheckoutRequestId", p."MpesaMerchantRequestId", p."MpesaReceipt", p."PayerPhoneNumber", p."PaymentReference", p."Status"
FROM "OrderRiderAssignments" AS o
INNER JOIN "Orders" AS o0 ON o."OrderId" = o0."Id"
INNER JOIN "Bookings" AS b ON o0."BookingId" = b."Id"
INNER JOIN "FreshwalkUsers" AS f ON b."CustomerId" = f."Id"
LEFT JOIN "Payments" AS p ON b."Id" = p."BookingId"
WHERE o."OrderId" = @__orderId_0 AND o."RiderId" = @__riderId_1
ORDER BY o."AssignedAt" DESC
LIMIT 1
  -- @__orderId_0=14b94dc8-2415-48f5-b787-dc381c72f634, @__riderId_1=9da150f3-8997-4d83-984f-8c917207220c
---
SELECT f."Id", f."AccessFailedCount", f."Address", f."ConcurrencyStamp", f."CreatedAt", f."CustomerReference", f."Email", f."EmailConfirmed", f."FullName", f."IsActive", f."LockoutEnabled", f."LockoutEnd", f."NormalizedEmail", f."NormalizedUserName", f."PasswordHash", f."PhoneNumber", f."PhoneNumberConfirmed", f."SecurityStamp", f."TwoFactorEnabled", f."UserName"
FROM "FreshwalkUsers" AS f
WHERE f."Id" = @__p_0
LIMIT 1
  -- @__p_0=9da150f3-8997-4d83-984f-8c917207220c
---

=== RESPONSE ===
Status: 200
Body:
{"orderId":"14b94dc8-2415-48f5-b787-dc381c72f634","bookingId":"8f788335-0a95-48be-a2ba-be910b317642","bookingReference":"FW-20260330192337193-3414","orderReference":"FW-20260330192337193-3414","orderStatus":"Delivered","currentAssignmentType":"Delivery","assignmentId":"0f2bbf96-452c-4464-8e39-15cc7af67737","pickupAddress":"Limuru Road, Ngara West sublocation, Ngara location, CBD division, Starehe, Nairobi, Nairobi County, 45046, Kenya","pickupLocationUrl":"https://www.google.com/maps?q=-1.2713845,36.8218477","pickupLatitude":-1.2713845,"pickupLongitude":36.8218477,"pickupOtpForRiderToShare":null,"pickupOtpExpiresAt":null,"customerName":"JOSH MURIUKI","customerEmail":"josaya01@gmail.com","customerPhone":null,"payerPhoneNumber":"254711304624","sneakersLines":[{"color":"MixedColored","quantity":1}],"suedeLines":[],"nubuckLines":[],"canvasLines":[],"addOns":["Waterproofing","ShadeChanging"],"totalPairs":1,"priceKes":750.00}
