=== REQUEST ===
GET /api/gallery/hero
CorrelationId: eccb9dc962eb44a88825c7904523476d
Headers:
  Accept: application/json, text/plain, */*
  Connection: keep-alive
  Host: localhost:5089
  User-Agent: Mozilla/5.0 (Windows NT 10.0; Win64; x64) AppleWebKit/537.36 (KHTML, like Gecko) Chrome/148.0.0.0 Safari/537.36
  Accept-Encoding: gzip, deflate, br, zstd
  Accept-Language: en-US,en;q=0.9,zh-CN;q=0.8,zh;q=0.7
  Origin: http://localhost:5173
  Referer: http://localhost:5173/
  sec-ch-ua-platform: "Windows"
  sec-ch-ua: "Chromium";v="148", "Google Chrome";v="148", "Not/A)Brand";v="99"
  sec-ch-ua-mobile: ?0
  X-Client-Source: customer-web
  DNT: 1
  Sec-Fetch-Site: same-site
  Sec-Fetch-Mode: cors
  Sec-Fetch-Dest: empty
(Authorization header omitted)

Body:


=== DATABASE COMMANDS ===
SELECT g."Id", g."AccentColor", g."AfterUrl", g."BeforeUrl", g."Category", g."CloudinaryPublicIdAfter", g."CloudinaryPublicIdBefore", g."CreatedAt", g."IsActive", g."IsHero", g."Label", g."MediaType", g."SortOrder", g."UpdatedAt"
FROM "GalleryMediaItems" AS g
WHERE g."IsActive" AND g."IsHero" AND g."MediaType" = 'Image'
ORDER BY g."SortOrder", g."CreatedAt" DESC
---

=== RESPONSE ===
Status: 200
Body:
[{"id":"1d7bc22d-7193-4987-b32d-5cc58a60b624","label":"Gym shoes","category":"Sneakers","mediaType":"Image","beforeUrl":"https://res.cloudinary.com/dlvaqdgqe/image/upload/v1779642378/freshwalk/gallery/sneakers/yfkc2ctwmxmtbb2dxdlz.jpg","afterUrl":"https://res.cloudinary.com/dlvaqdgqe/image/upload/v1779642379/freshwalk/gallery/sneakers/dfeuu9djotczdjeoiwgd.jpg","isHero":true,"accentColor":"#E31E24","sortOrder":0,"createdAt":"2026-05-24T17:06:20.088997+00:00"},{"id":"dad53a1b-023b-4f1d-a335-ad5d0c584c7c","label":"Black and white sport shoe","category":"Sneakers","mediaType":"Image","beforeUrl":"https://res.cloudinary.com/dlvaqdgqe/image/upload/v1779641124/freshwalk/gallery/sneakers/xkymtm5sb5efh74dsizg.jpg","afterUrl":"https://res.cloudinary.com/dlvaqdgqe/image/upload/v1779641124/freshwalk/gallery/sneakers/twv1prixpnevvyqjthxr.jpg","isHero":true,"accentColor":"#E31E24","sortOrder":0,"createdAt":"2026-05-24T16:45:25.039577+00:00"},{"id":"fe8fec84-d30e-442b-9b5d-a75a08a678dd","label":"Deep clean Child sneaker","category":"Sneakers","mediaType":"Image","beforeUrl":"https://res.cloudinary.com/dlvaqdgqe/image/upload/v1779640911/freshwalk/gallery/sneakers/okoal7n4kuw9pksteaxq.jpg","afterUrl":"https://res.cloudinary.com/dlvaqdgqe/image/upload/v1779640912/freshwalk/gallery/sneakers/ksxk8rbf6kukff83mvu8.jpg","isHero":true,"accentColor":"#E31E24","sortOrder":0,"createdAt":"2026-05-24T16:41:53.032306+00:00"},{"id":"8b8dfaa6-782a-4a9f-bc7d-b3074c15c3fd","label":"Chocolate classic sneaker","category":"Sneakers","mediaType":"Image","beforeUrl":"https://res.cloudinary.com/dlvaqdgqe/image/upload/v1779640679/freshwalk/gallery/sneakers/b4n6gneimhejmmwpyrka.jpg","afterUrl":"https://res.cloudinary.com/dlvaqdgqe/image/upload/v1779640680/freshwalk/gallery/sneakers/i8kolpnb7st79m1p9fqf.jpg","isHero":true,"accentColor":"#E31E24","sortOrder":0,"createdAt":"2026-05-24T16:38:01.342377+00:00"},{"id":"ff474f07-b8a8-4edc-b85b-8e0c1d634009","label":"Brown white sneaker","category":"Sneakers","mediaType":"Image","beforeUrl":"https://res.cloudinary.com/dlvaqdgqe/image/upload/v1779626259/freshwalk/gallery/sneakers/dql89un3znb1odnnzzcu.jpg","afterUrl":"https://res.cloudinary.com/dlvaqdgqe/image/upload/v1779626261/freshwalk/gallery/sneakers/vzuk7xkfso8wgnuibdy2.jpg","isHero":true,"accentColor":"#E31E24","sortOrder":0,"createdAt":"2026-05-24T12:37:42.57764+00:00"}]
