=== REQUEST ===
POST /api/rider/orders/b31e2080-9eb5-4733-8b5c-e29cc428ea80/initiate-payment
CorrelationId: 5a832afe7a4c4eb7b564c5a6dabd0c89
Headers:
  Accept: application/json, text/plain, */*
  Connection: keep-alive
  Host: localhost:5089
  User-Agent: Mozilla/5.0 (Windows NT 10.0; Win64; x64) AppleWebKit/537.36 (KHTML, like Gecko) Chrome/148.0.0.0 Safari/537.36
  Accept-Encoding: gzip, deflate, br, zstd
  Accept-Language: en-US,en;q=0.9,zh-CN;q=0.8,zh;q=0.7
  Content-Type: application/json
  Origin: http://localhost:5175
  Referer: http://localhost:5175/
  Content-Length: 31
  sec-ch-ua-platform: "Windows"
  sec-ch-ua: "Chromium";v="148", "Google Chrome";v="148", "Not/A)Brand";v="99"
  sec-ch-ua-mobile: ?0
  X-Client-Source: rider-portal
  DNT: 1
  Sec-Fetch-Site: same-site
  Sec-Fetch-Mode: cors
  Sec-Fetch-Dest: empty
(Authorization header omitted)

Body:
{"phoneNumber":"+254768220092"}

=== DATABASE COMMANDS ===
SELECT o."Id", o."AssignedAt", o."AssignmentReference", o."AssignmentType", o."CompletedAt", o."Notes", o."OrderId", o."RiderId", o."Status", o0."Id", o0."AgentId", o0."BookingId", o0."CleaningCompletedAt", o0."CleaningStartedAt", o0."CustomerId", o0."DeliveredAt", o0."DeliveryOtp", o0."DeliveryOtpExpiresAt", o0."DeliveryOtpVerifiedAt", o0."OrderReference", o0."PickedUpAt", o0."PickupOtp", o0."PickupOtpExpiresAt", o0."PickupOtpVerifiedAt", o0."Status", b."Id", b."AddOns", b."AppliedPromotions", b."BookingReference", b."BundleDiscountPercent", b."CanvasLines", b."CreatedAt", b."CustomerId", b."DiscountAmountKes", b."NubuckLines", b."PickupAddress", b."PickupLatitude", b."PickupLocationUrl", b."PickupLongitude", b."PriceKes", b."PromotionalDiscountKes", b."ShoesSubtotalGrossKes", b."SneakersLines", b."Status", b."SubtotalBeforeDiscountKes", b."SuedeLines", b."TotalPairs", p."Id", p."Amount", p."BookingId", p."CreatedAt", p."MpesaCheckoutRequestId", p."MpesaMerchantRequestId", p."MpesaReceipt", p."PayerPhoneNumber", p."PaymentReference", p."Status"
FROM "OrderRiderAssignments" AS o
INNER JOIN "Orders" AS o0 ON o."OrderId" = o0."Id"
INNER JOIN "Bookings" AS b ON o0."BookingId" = b."Id"
LEFT JOIN "Payments" AS p ON b."Id" = p."BookingId"
WHERE o."OrderId" = @__orderId_0 AND o."RiderId" = @__riderId_1 AND o."AssignmentType" = 'Delivery'
ORDER BY o."AssignedAt" DESC
LIMIT 1
  -- @__orderId_0=b31e2080-9eb5-4733-8b5c-e29cc428ea80, @__riderId_1=9da150f3-8997-4d83-984f-8c917207220c
---
UPDATE "Payments" SET "MpesaCheckoutRequestId" = @p0, "MpesaMerchantRequestId" = @p1, "PayerPhoneNumber" = @p2, "Status" = @p3
WHERE "Id" = @p4;

  -- @p4=47a8d5a4-a7aa-4d7f-be26-b212ac9c95f1, @p0=ws_CO_27052026215935265768220092, @p1=4d6f-44e0-8d45-0ecdebf4f63d2569, @p2=254768220092, @p3=Initiated
---
SELECT f."Id", f."AccessFailedCount", f."Address", f."ConcurrencyStamp", f."CreatedAt", f."CustomerReference", f."Email", f."EmailConfirmed", f."FullName", f."IsActive", f."LockoutEnabled", f."LockoutEnd", f."NormalizedEmail", f."NormalizedUserName", f."PasswordHash", f."PhoneNumber", f."PhoneNumberConfirmed", f."SecurityStamp", f."TwoFactorEnabled", f."UserName"
FROM "FreshwalkUsers" AS f
WHERE f."Id" = @__p_0
LIMIT 1
  -- @__p_0=9da150f3-8997-4d83-984f-8c917207220c
---

=== RESPONSE ===
Status: 200
Body:
{"message":"Success. Request accepted for processing","merchantRequestId":"4d6f-44e0-8d45-0ecdebf4f63d2569","checkoutRequestId":"ws_CO_27052026215935265768220092"}
